********* Start testing of TestBase64Codec *********
Config: Using QtTest library 6.11.2, Qt 6.11.2 (x86_64-little_endian-llp64 shared (dynamic) debug build; by MSVC 2022), windows 10
PASS   : TestBase64Codec::initTestCase()
PASS   : TestBase64Codec::encodeEmpty()
PASS   : TestBase64Codec::encodeHello()
PASS   : TestBase64Codec::encodeHelloWorld()
PASS   : TestBase64Codec::encodeUtf8()
PASS   : TestBase64Codec::decodeEmpty()
PASS   : TestBase64Codec::decodeHello()
PASS   : TestBase64Codec::decodeHelloWorld()
PASS   : TestBase64Codec::decodeUtf8()
PASS   : TestBase64Codec::decodeInvalid(invalid chars)
PASS   : TestBase64Codec::decodeInvalid(invalid length)
PASS   : TestBase64Codec::decodeInvalid(invalid padding)
PASS   : TestBase64Codec::encodeDecodeRoundtrip()
PASS   : TestBase64Codec::cleanupTestCase()
Totals: 14 passed, 0 failed, 0 skipped, 0 blacklisted, 5ms
********* Finished testing of TestBase64Codec *********
